{
    "registration - anattodwi": {
        "content": [
            {
                "0": [
                    [
                        {
                            "id": "test",
                            "single_end": false
                        },
                        "test__output0GenericAffine.mat:md5,6eef07f9004fb96e57ae0404ffef174c"
                    ]
                ],
                "1": [
                    [
                        {
                            "id": "test",
                            "single_end": false
                        },
                        "test__output1Warp.nii.gz:md5,e0995852e251bee5521572a4495a0bd6"
                    ]
                ],
                "2": [
                    [
                        {
                            "id": "test",
                            "single_end": false
                        },
                        "test__output1InverseWarp.nii.gz:md5,28694d2b41f5209ab8f1acbb219014fe"
                    ]
                ],
                "3": [
                    [
                        {
                            "id": "test",
                            "single_end": false
                        },
                        "test__t1_warped.nii.gz:md5,9c34f424900adea263e39ed1f37a793f"
                    ]
                ],
                "4": [
                    [
                        {
                            "id": "test",
                            "single_end": false
                        },
                        "test_registration_anattodwi_mqc.gif:md5,74a7cf404c443726487683c23bd926c0"
                    ]
                ],
                "5": [
                    "versions.yml:md5,f368bc76bf8d1f1a68caea3597b0c65b"
                ],
                "affine": [
                    [
                        {
                            "id": "test",
                            "single_end": false
                        },
                        "test__output0GenericAffine.mat:md5,6eef07f9004fb96e57ae0404ffef174c"
                    ]
                ],
                "inverse_warp": [
                    [
                        {
                            "id": "test",
                            "single_end": false
                        },
                        "test__output1InverseWarp.nii.gz:md5,28694d2b41f5209ab8f1acbb219014fe"
                    ]
                ],
                "mqc": [
                    [
                        {
                            "id": "test",
                            "single_end": false
                        },
                        "test_registration_anattodwi_mqc.gif:md5,74a7cf404c443726487683c23bd926c0"
                    ]
                ],
                "t1_warped": [
                    [
                        {
                            "id": "test",
                            "single_end": false
                        },
                        "test__t1_warped.nii.gz:md5,9c34f424900adea263e39ed1f37a793f"
                    ]
                ],
                "versions": [
                    "versions.yml:md5,f368bc76bf8d1f1a68caea3597b0c65b"
                ],
                "warp": [
                    [
                        {
                            "id": "test",
                            "single_end": false
                        },
                        "test__output1Warp.nii.gz:md5,e0995852e251bee5521572a4495a0bd6"
                    ]
                ]
            }
        ],
        "meta": {
            "nf-test": "0.9.2",
            "nextflow": "24.10.3"
        },
        "timestamp": "2025-02-20T14:58:42.372471"
    },
    "registration - anattodwi -stub-run": {
        "content": [
            [
                "versions.yml:md5,f368bc76bf8d1f1a68caea3597b0c65b"
            ]
        ],
        "meta": {
            "nf-test": "0.9.2",
            "nextflow": "24.10.3"
        },
        "timestamp": "2025-02-20T14:58:49.169195"
    }
}