{
    "topup_eddy_rev_b0": {
        "content": [
            [
                [
                    {
                        "id": "test",
                        "single_end": false
                    },
                    "test__b0_bet_mask.nii.gz:md5,1b45aae94d5bb093dca6ca4a71a8bf97"
                ]
            ],
            [
                [
                    {
                        "id": "test",
                        "single_end": false
                    },
                    "test__dwi_eddy_corrected.bval:md5,8192e97b08e8032382397bb844b31892"
                ]
            ],
            [
                "versions.yml:md5,16c27f9c0f1fd6e8f290fdd07827c2df",
                "versions.yml:md5,dc9478b4d3cb93d93799e493aefe5220"
            ],
            "test__dwi_corrected.nii.gz",
            "test__dwi_eddy_corrected.bvec",
            "test_b0.nii.gz"
        ],
        "meta": {
            "nf-test": "0.9.0",
            "nextflow": "24.10.4"
        },
        "timestamp": "2025-02-23T19:09:04.311390187"
    },
    "eddy": {
        "content": [
            [
                [
                    {
                        "id": "test",
                        "single_end": false
                    },
                    "test__b0_bet_mask.nii.gz:md5,1b45aae94d5bb093dca6ca4a71a8bf97"
                ]
            ],
            [
                [
                    {
                        "id": "test",
                        "single_end": false
                    },
                    "test__dwi_eddy_corrected.bval:md5,8192e97b08e8032382397bb844b31892"
                ]
            ],
            [
                "versions.yml:md5,16c27f9c0f1fd6e8f290fdd07827c2df",
                "versions.yml:md5,dc9478b4d3cb93d93799e493aefe5220"
            ],
            "test__dwi_corrected.nii.gz",
            "test__dwi_eddy_corrected.bvec",
            "test_b0.nii.gz"
        ],
        "meta": {
            "nf-test": "0.9.0",
            "nextflow": "24.10.4"
        },
        "timestamp": "2025-02-23T19:08:20.174366099"
    },
    "topup_eddy_rev_dwi": {
        "content": [
            [
                [
                    {
                        "id": "test",
                        "single_end": false
                    },
                    "test__b0_bet_mask.nii.gz:md5,1b45aae94d5bb093dca6ca4a71a8bf97"
                ]
            ],
            [
                [
                    {
                        "id": "test",
                        "single_end": false
                    },
                    "test__dwi_eddy_corrected.bval:md5,8192e97b08e8032382397bb844b31892"
                ]
            ],
            [
                "versions.yml:md5,16c27f9c0f1fd6e8f290fdd07827c2df",
                "versions.yml:md5,dc9478b4d3cb93d93799e493aefe5220"
            ],
            "test__dwi_corrected.nii.gz",
            "test__dwi_eddy_corrected.bvec",
            "test_b0.nii.gz"
        ],
        "meta": {
            "nf-test": "0.9.0",
            "nextflow": "24.10.4"
        },
        "timestamp": "2025-02-23T19:09:48.530536539"
    }
}