{
    "segmentation - fsreconall - stub-run": {
        "content": [
            [
                "versions.yml:md5,2a7185588fa8c664d53c4c08637285e6"
            ]
        ],
        "meta": {
            "nf-test": "0.9.0",
            "nextflow": "24.10.1"
        },
        "timestamp": "2024-12-12T13:55:39.259005"
    },
    "segmentation - fsreconall": {
        "content": [
            "test__recon_all",
            [
                "versions.yml:md5,2a7185588fa8c664d53c4c08637285e6"
            ]
        ],
        "meta": {
            "nf-test": "0.9.0",
            "nextflow": "24.04.4"
        },
        "timestamp": "2024-11-22T19:24:52.417991457"
    }
}